---
source: codegen-sdk-cst-generator/src/generator/state.rs
expression: snapshot_tokens(&enum_tokens)
---
#[subenum(AnonymousTestChildren(derive(Archive, Deserialize, Serialize)))]
#[derive(Debug, Clone, Drive)]
#[enum_delegate::implement(CSTNode)]
pub enum NodeTypes {
    AnonymousChild(AnonymousChild),
    AnonymousChildTwo(AnonymousChildTwo),
    AnonymousTest(AnonymousTest),
}
impl FromNode for AnonymousTestChildren {
    fn from_node(
        node: tree_sitter::Node,
        buffer: &Arc<Bytes>,
    ) -> Result<Self, ParseError> {
        match node.kind_id() {
            _ => {
                Err(ParseError::UnexpectedNode {
                    node_type: node.kind().to_string(),
                    backtrace: Backtrace::capture(),
                })
            }
        }
    }
}
