---
source: codegen-sdk-ast-generator/src/visitor.rs
expression: "codegen_sdk_common::generator::format_code_string(&visitor.to_string()).unwrap()"
---
#[salsa::tracked]
pub struct Class<'db> {
    #[id]
    _fully_qualified_name: codegen_sdk_resolution::FullyQualifiedName<'db>,
    #[id]
    node_id: indextree::NodeId,
    #[tracked]
    #[return_ref]
    pub name: crate::cst::TypeIdentifier<'db>,
}
impl<'db> Class<'db> {
    pub fn node(
        &self,
        db: &'db dyn codegen_sdk_resolution::Db,
    ) -> &'db crate::cst::AbstractClassDeclaration<'db> {
        let file = self.file(db);
        let tree = file.tree(db);
        tree.get(&self.node_id(db)).unwrap().as_ref().try_into().unwrap()
    }
}
impl<'db> codegen_sdk_resolution::HasFile<'db> for Class<'db> {
    type File<'db1> = TypescriptFile<'db1>;
    fn file(&self, db: &'db dyn codegen_sdk_resolution::Db) -> &'db Self::File<'db> {
        let path = self._fully_qualified_name(db).path(db);
        parse(db, path)
    }
    fn root_path(&self, db: &'db dyn codegen_sdk_resolution::Db) -> PathBuf {
        self.node(db).id().root(db).path(db)
    }
}
impl<'db> codegen_sdk_resolution::HasId<'db> for Class<'db> {
    fn fully_qualified_name(
        &self,
        db: &'db dyn salsa::Database,
    ) -> codegen_sdk_resolution::FullyQualifiedName<'db> {
        self._fully_qualified_name(db)
    }
}
#[salsa::tracked]
pub struct Function<'db> {
    #[id]
    _fully_qualified_name: codegen_sdk_resolution::FullyQualifiedName<'db>,
    #[id]
    node_id: indextree::NodeId,
    #[tracked]
    #[return_ref]
    pub name: crate::cst::Identifier<'db>,
}
impl<'db> Function<'db> {
    pub fn node(
        &self,
        db: &'db dyn codegen_sdk_resolution::Db,
    ) -> &'db crate::cst::FunctionSignature<'db> {
        let file = self.file(db);
        let tree = file.tree(db);
        tree.get(&self.node_id(db)).unwrap().as_ref().try_into().unwrap()
    }
}
impl<'db> codegen_sdk_resolution::HasFile<'db> for Function<'db> {
    type File<'db1> = TypescriptFile<'db1>;
    fn file(&self, db: &'db dyn codegen_sdk_resolution::Db) -> &'db Self::File<'db> {
        let path = self._fully_qualified_name(db).path(db);
        parse(db, path)
    }
    fn root_path(&self, db: &'db dyn codegen_sdk_resolution::Db) -> PathBuf {
        self.node(db).id().root(db).path(db)
    }
}
impl<'db> codegen_sdk_resolution::HasId<'db> for Function<'db> {
    fn fully_qualified_name(
        &self,
        db: &'db dyn salsa::Database,
    ) -> codegen_sdk_resolution::FullyQualifiedName<'db> {
        self._fully_qualified_name(db)
    }
}
#[salsa::tracked]
pub struct Interface<'db> {
    #[id]
    _fully_qualified_name: codegen_sdk_resolution::FullyQualifiedName<'db>,
    #[id]
    node_id: indextree::NodeId,
    #[tracked]
    #[return_ref]
    pub name: crate::cst::TypeIdentifier<'db>,
}
impl<'db> Interface<'db> {
    pub fn node(
        &self,
        db: &'db dyn codegen_sdk_resolution::Db,
    ) -> &'db crate::cst::InterfaceDeclaration<'db> {
        let file = self.file(db);
        let tree = file.tree(db);
        tree.get(&self.node_id(db)).unwrap().as_ref().try_into().unwrap()
    }
}
impl<'db> codegen_sdk_resolution::HasFile<'db> for Interface<'db> {
    type File<'db1> = TypescriptFile<'db1>;
    fn file(&self, db: &'db dyn codegen_sdk_resolution::Db) -> &'db Self::File<'db> {
        let path = self._fully_qualified_name(db).path(db);
        parse(db, path)
    }
    fn root_path(&self, db: &'db dyn codegen_sdk_resolution::Db) -> PathBuf {
        self.node(db).id().root(db).path(db)
    }
}
impl<'db> codegen_sdk_resolution::HasId<'db> for Interface<'db> {
    fn fully_qualified_name(
        &self,
        db: &'db dyn salsa::Database,
    ) -> codegen_sdk_resolution::FullyQualifiedName<'db> {
        self._fully_qualified_name(db)
    }
}
#[salsa::tracked]
pub struct Method<'db> {
    #[id]
    _fully_qualified_name: codegen_sdk_resolution::FullyQualifiedName<'db>,
    #[id]
    node_id: indextree::NodeId,
    #[tracked]
    #[return_ref]
    pub name: crate::cst::PropertyIdentifier<'db>,
}
impl<'db> Method<'db> {
    pub fn node(
        &self,
        db: &'db dyn codegen_sdk_resolution::Db,
    ) -> &'db crate::cst::AbstractMethodSignature<'db> {
        let file = self.file(db);
        let tree = file.tree(db);
        tree.get(&self.node_id(db)).unwrap().as_ref().try_into().unwrap()
    }
}
impl<'db> codegen_sdk_resolution::HasFile<'db> for Method<'db> {
    type File<'db1> = TypescriptFile<'db1>;
    fn file(&self, db: &'db dyn codegen_sdk_resolution::Db) -> &'db Self::File<'db> {
        let path = self._fully_qualified_name(db).path(db);
        parse(db, path)
    }
    fn root_path(&self, db: &'db dyn codegen_sdk_resolution::Db) -> PathBuf {
        self.node(db).id().root(db).path(db)
    }
}
impl<'db> codegen_sdk_resolution::HasId<'db> for Method<'db> {
    fn fully_qualified_name(
        &self,
        db: &'db dyn salsa::Database,
    ) -> codegen_sdk_resolution::FullyQualifiedName<'db> {
        self._fully_qualified_name(db)
    }
}
#[salsa::tracked]
pub struct Module<'db> {
    #[id]
    _fully_qualified_name: codegen_sdk_resolution::FullyQualifiedName<'db>,
    #[id]
    node_id: indextree::NodeId,
    #[tracked]
    #[return_ref]
    pub name: crate::cst::Identifier<'db>,
}
impl<'db> Module<'db> {
    pub fn node(
        &self,
        db: &'db dyn codegen_sdk_resolution::Db,
    ) -> &'db crate::cst::Module<'db> {
        let file = self.file(db);
        let tree = file.tree(db);
        tree.get(&self.node_id(db)).unwrap().as_ref().try_into().unwrap()
    }
}
impl<'db> codegen_sdk_resolution::HasFile<'db> for Module<'db> {
    type File<'db1> = TypescriptFile<'db1>;
    fn file(&self, db: &'db dyn codegen_sdk_resolution::Db) -> &'db Self::File<'db> {
        let path = self._fully_qualified_name(db).path(db);
        parse(db, path)
    }
    fn root_path(&self, db: &'db dyn codegen_sdk_resolution::Db) -> PathBuf {
        self.node(db).id().root(db).path(db)
    }
}
impl<'db> codegen_sdk_resolution::HasId<'db> for Module<'db> {
    fn fully_qualified_name(
        &self,
        db: &'db dyn salsa::Database,
    ) -> codegen_sdk_resolution::FullyQualifiedName<'db> {
        self._fully_qualified_name(db)
    }
}
#[derive(Debug, Clone, PartialEq, Eq, Hash, salsa::Update)]
pub enum Symbol<'db> {
    Class(Class<'db>),
    Function(Function<'db>),
    Interface(Interface<'db>),
    Method(Method<'db>),
    Module(Module<'db>),
}
impl<'db> codegen_sdk_resolution::HasFile<'db> for Symbol<'db> {
    type File<'db1> = TypescriptFile<'db1>;
    fn file(&self, db: &'db dyn codegen_sdk_resolution::Db) -> &'db Self::File<'db> {
        match self {
            Self::Class(symbol) => symbol.file(db),
            Self::Function(symbol) => symbol.file(db),
            Self::Interface(symbol) => symbol.file(db),
            Self::Method(symbol) => symbol.file(db),
            Self::Module(symbol) => symbol.file(db),
        }
    }
    fn root_path(&self, db: &'db dyn codegen_sdk_resolution::Db) -> PathBuf {
        match self {
            Self::Class(symbol) => symbol.root_path(db),
            Self::Function(symbol) => symbol.root_path(db),
            Self::Interface(symbol) => symbol.root_path(db),
            Self::Method(symbol) => symbol.root_path(db),
            Self::Module(symbol) => symbol.root_path(db),
        }
    }
}
impl<'db> codegen_sdk_resolution::HasId<'db> for Symbol<'db> {
    fn fully_qualified_name(
        &self,
        db: &'db dyn salsa::Database,
    ) -> codegen_sdk_resolution::FullyQualifiedName<'db> {
        match self {
            Self::Class(symbol) => symbol.fully_qualified_name(db),
            Self::Function(symbol) => symbol.fully_qualified_name(db),
            Self::Interface(symbol) => symbol.fully_qualified_name(db),
            Self::Method(symbol) => symbol.fully_qualified_name(db),
            Self::Module(symbol) => symbol.fully_qualified_name(db),
        }
    }
}
#[salsa::tracked]
pub struct Definitions<'db> {
    #[return_ref]
    pub classes: BTreeMap<String, Vec<Class<'db>>>,
    #[return_ref]
    pub functions: BTreeMap<String, Vec<Function<'db>>>,
    #[return_ref]
    pub interfaces: BTreeMap<String, Vec<Interface<'db>>>,
    #[return_ref]
    pub methods: BTreeMap<String, Vec<Method<'db>>>,
    #[return_ref]
    pub modules: BTreeMap<String, Vec<Module<'db>>>,
}
impl<'db> Definitions<'db> {
    pub fn visit(
        db: &'db dyn salsa::Database,
        root: &'db crate::cst::Parsed<'db>,
    ) -> Self {
        let mut classes: BTreeMap<String, Vec<Class<'db>>> = BTreeMap::new();
        let mut functions: BTreeMap<String, Vec<Function<'db>>> = BTreeMap::new();
        let mut interfaces: BTreeMap<String, Vec<Interface<'db>>> = BTreeMap::new();
        let mut methods: BTreeMap<String, Vec<Method<'db>>> = BTreeMap::new();
        let mut modules: BTreeMap<String, Vec<Module<'db>>> = BTreeMap::new();
        let tree = root.tree(db);
        for (node, id) in tree.descendants(&root.program(db)) {
            match node {
                crate::cst::NodeTypes::AbstractClassDeclaration(node) => {
                    ///Code for query: (abstract_class_declaration   name: (type_identifier) @name) @definition.class
                    ///Code for field: name: (type_identifier) @name
                    let name = node.name(tree);
                    let fully_qualified_name = codegen_sdk_resolution::FullyQualifiedName::new(
                        db,
                        node.file_id(),
                        name.source(),
                    );
                    let symbol = Class::new(
                        db,
                        fully_qualified_name,
                        id,
                        name.clone().into(),
                    );
                    classes.entry(name.source()).or_default().push(symbol);
                }
                crate::cst::NodeTypes::AbstractMethodSignature(node) => {
                    ///Code for query: (abstract_method_signature   name: (property_identifier) @name) @definition.method
                    ///Code for field: name: (property_identifier) @name
                    let name = node.name(tree);
                    if let crate::cst::AbstractMethodSignatureNameRef::PropertyIdentifier(
                        name,
                    ) = name {
                        let fully_qualified_name = codegen_sdk_resolution::FullyQualifiedName::new(
                            db,
                            node.file_id(),
                            name.source(),
                        );
                        let symbol = Method::new(
                            db,
                            fully_qualified_name,
                            id,
                            name.clone().into(),
                        );
                        methods.entry(name.source()).or_default().push(symbol);
                    }
                }
                crate::cst::NodeTypes::FunctionSignature(node) => {
                    ///Code for query: (function_signature   name: (identifier) @name) @definition.function
                    ///Code for field: name: (identifier) @name
                    let name = node.name(tree);
                    let fully_qualified_name = codegen_sdk_resolution::FullyQualifiedName::new(
                        db,
                        node.file_id(),
                        name.source(),
                    );
                    let symbol = Function::new(
                        db,
                        fully_qualified_name,
                        id,
                        name.clone().into(),
                    );
                    functions.entry(name.source()).or_default().push(symbol);
                }
                crate::cst::NodeTypes::InterfaceDeclaration(node) => {
                    ///Code for query: (interface_declaration   name: (type_identifier) @name) @definition.interface
                    ///Code for field: name: (type_identifier) @name
                    let name = node.name(tree);
                    let fully_qualified_name = codegen_sdk_resolution::FullyQualifiedName::new(
                        db,
                        node.file_id(),
                        name.source(),
                    );
                    let symbol = Interface::new(
                        db,
                        fully_qualified_name,
                        id,
                        name.clone().into(),
                    );
                    interfaces.entry(name.source()).or_default().push(symbol);
                }
                crate::cst::NodeTypes::Module(node) => {
                    ///Code for query: (module   name: (identifier) @name) @definition.module
                    ///Code for field: name: (identifier) @name
                    let name = node.name(tree);
                    if let crate::cst::ModuleNameRef::Identifier(name) = name {
                        let fully_qualified_name = codegen_sdk_resolution::FullyQualifiedName::new(
                            db,
                            node.file_id(),
                            name.source(),
                        );
                        let symbol = Module::new(
                            db,
                            fully_qualified_name,
                            id,
                            name.clone().into(),
                        );
                        modules.entry(name.source()).or_default().push(symbol);
                    }
                }
                _ => {}
            }
        }
        Self::new(db, classes, functions, interfaces, methods, modules)
    }
    pub fn default(db: &'db dyn salsa::Database) -> Self {
        let mut classes: BTreeMap<String, Vec<Class<'db>>> = BTreeMap::new();
        let mut functions: BTreeMap<String, Vec<Function<'db>>> = BTreeMap::new();
        let mut interfaces: BTreeMap<String, Vec<Interface<'db>>> = BTreeMap::new();
        let mut methods: BTreeMap<String, Vec<Method<'db>>> = BTreeMap::new();
        let mut modules: BTreeMap<String, Vec<Module<'db>>> = BTreeMap::new();
        Self::new(db, classes, functions, interfaces, methods, modules)
    }
}
